This is pdfTeX, Version 3.14159265-2.6-1.40.21 (MiKTeX 20.6.29) (preloaded format=latex 2020.8.18)  27 AUG 2020 16:10
entering extended mode
**./EdgeworthBox_4.tex
(EdgeworthBox_4.tex
LaTeX2e <2020-02-02> patch level 5
L3 programming layer <2020-06-18>
("C:\Users\Jerome Dugast\AppData\Roaming\MiKTeX\tex/latex/beamer\beamer.cls"
Document Class: beamer 2020/07/22 v3.59 A class for typesetting presentations

("C:\Users\Jerome Dugast\AppData\Roaming\MiKTeX\tex/latex/beamer\beamerbasemode
s.sty" ("C:\Program Files\MiKTeX\tex/latex/etoolbox\etoolbox.sty"
Package: etoolbox 2019/09/21 v2.5h e-TeX tools for LaTeX (JAW)
\etb@tempcnta=\count167
)
\beamer@tempbox=\box45
\beamer@tempcount=\count168
\c@beamerpauses=\count169

("C:\Users\Jerome Dugast\AppData\Roaming\MiKTeX\tex/latex/beamer\beamerbasedeco
de.sty"
\beamer@slideinframe=\count170
\beamer@minimum=\count171
\beamer@decode@box=\box46
)
\beamer@commentbox=\box47
\beamer@modecount=\count172
) ("C:\Program Files\MiKTeX\tex/generic/iftex\ifpdf.sty"
Package: ifpdf 2019/10/25 v3.4 ifpdf legacy package. Use iftex instead.

("C:\Program Files\MiKTeX\tex/generic/iftex\iftex.sty"
Package: iftex 2020/03/06 v1.0d TeX engine tests
))
\headdp=\dimen134
\footheight=\dimen135
\sidebarheight=\dimen136
\beamer@tempdim=\dimen137
\beamer@finalheight=\dimen138
\beamer@animht=\dimen139
\beamer@animdp=\dimen140
\beamer@animwd=\dimen141
\beamer@leftmargin=\dimen142
\beamer@rightmargin=\dimen143
\beamer@leftsidebar=\dimen144
\beamer@rightsidebar=\dimen145
\beamer@boxsize=\dimen146
\beamer@vboxoffset=\dimen147
\beamer@descdefault=\dimen148
\beamer@descriptionwidth=\dimen149
\beamer@lastskip=\skip47
\beamer@areabox=\box48
\beamer@animcurrent=\box49
\beamer@animshowbox=\box50
\beamer@sectionbox=\box51
\beamer@logobox=\box52
\beamer@linebox=\box53
\beamer@sectioncount=\count173
\beamer@subsubsectionmax=\count174
\beamer@subsectionmax=\count175
\beamer@sectionmax=\count176
\beamer@totalheads=\count177
\beamer@headcounter=\count178
\beamer@partstartpage=\count179
\beamer@sectionstartpage=\count180
\beamer@subsectionstartpage=\count181
\beamer@animationtempa=\count182
\beamer@animationtempb=\count183
\beamer@xpos=\count184
\beamer@ypos=\count185
\beamer@ypos@offset=\count186
\beamer@showpartnumber=\count187
\beamer@currentsubsection=\count188
\beamer@coveringdepth=\count189
\beamer@sectionadjust=\count190
\beamer@tocsectionnumber=\count191

("C:\Users\Jerome Dugast\AppData\Roaming\MiKTeX\tex/latex/beamer\beamerbaseopti
ons.sty" ("C:\Program Files\MiKTeX\tex/latex/graphics\keyval.sty"
Package: keyval 2014/10/28 v1.15 key=value parser (DPC)
\KV@toks@=\toks15
))
\beamer@paperwidth=\skip48
\beamer@paperheight=\skip49

("C:\Users\Jerome Dugast\AppData\Roaming\MiKTeX\tex/latex/geometry\geometry.sty
"
Package: geometry 2020/01/02 v5.9 Page Geometry
 ("C:\Program Files\MiKTeX\tex/generic/iftex\ifvtex.sty"
Package: ifvtex 2019/10/25 v1.7 ifvtex legacy package. Use iftex instead.
)
\Gm@cnth=\count192
\Gm@cntv=\count193
\c@Gm@tempcnt=\count194
\Gm@bindingoffset=\dimen150
\Gm@wd@mp=\dimen151
\Gm@odd@mp=\dimen152
\Gm@even@mp=\dimen153
\Gm@layoutwidth=\dimen154
\Gm@layoutheight=\dimen155
\Gm@layouthoffset=\dimen156
\Gm@layoutvoffset=\dimen157
\Gm@dimlist=\toks16

("C:\Users\Jerome Dugast\AppData\Roaming\MiKTeX\tex/latex/geometry\geometry.cfg
")) ("C:\Users\Jerome Dugast\AppData\Roaming\MiKTeX\tex/latex/extsizes\size9.cl
o"
File: size9.clo 1999/11/11 v1.4a NON-Standard LaTeX file (size option)
) ("C:\Program Files\MiKTeX\tex/latex/pgf/basiclayer\pgfcore.sty"
("C:\Program Files\MiKTeX\tex/latex/graphics\graphicx.sty"
Package: graphicx 2019/11/30 v1.2a Enhanced LaTeX Graphics (DPC,SPQR)

("C:\Program Files\MiKTeX\tex/latex/graphics\graphics.sty"
Package: graphics 2019/11/30 v1.4a Standard LaTeX Graphics (DPC,SPQR)

("C:\Program Files\MiKTeX\tex/latex/graphics\trig.sty"
Package: trig 2016/01/03 v1.10 sin cos tan (DPC)
)
("C:\Program Files\MiKTeX\tex/latex/graphics-cfg\graphics.cfg"
File: graphics.cfg 2016/06/04 v1.11 sample graphics configuration
)
Package graphics Info: Driver file: dvips.def on input line 105.

("C:\Program Files\MiKTeX\tex/latex/graphics-def\dvips.def"
File: dvips.def 2017/06/20 v3.1d Graphics/color driver for dvips
))
\Gin@req@height=\dimen158
\Gin@req@width=\dimen159
)
("C:\Program Files\MiKTeX\tex/latex/pgf/systemlayer\pgfsys.sty"
("C:\Program Files\MiKTeX\tex/latex/pgf/utilities\pgfrcs.sty"
("C:\Program Files\MiKTeX\tex/generic/pgf/utilities\pgfutil-common.tex"
\pgfutil@everybye=\toks17
\pgfutil@tempdima=\dimen160
\pgfutil@tempdimb=\dimen161

("C:\Program Files\MiKTeX\tex/generic/pgf/utilities\pgfutil-common-lists.tex"))
("C:\Program Files\MiKTeX\tex/generic/pgf/utilities\pgfutil-latex.def"
\pgfutil@abb=\box54

("C:\Program Files\MiKTeX\tex/latex/ms\everyshi.sty"
Package: everyshi 2001/05/15 v3.00 EveryShipout Package (MS)
))
("C:\Program Files\MiKTeX\tex/generic/pgf/utilities\pgfrcs.code.tex"
("C:\Program Files\MiKTeX\tex/generic/pgf\pgf.revision.tex")
Package: pgfrcs 2020/01/08 v3.1.5b (3.1.5b)
))
("C:\Program Files\MiKTeX\tex/generic/pgf/systemlayer\pgfsys.code.tex"
Package: pgfsys 2020/01/08 v3.1.5b (3.1.5b)

("C:\Program Files\MiKTeX\tex/generic/pgf/utilities\pgfkeys.code.tex"
\pgfkeys@pathtoks=\toks18
\pgfkeys@temptoks=\toks19

("C:\Program Files\MiKTeX\tex/generic/pgf/utilities\pgfkeysfiltered.code.tex"
\pgfkeys@tmptoks=\toks20
))
\pgf@x=\dimen162
\pgf@y=\dimen163
\pgf@xa=\dimen164
\pgf@ya=\dimen165
\pgf@xb=\dimen166
\pgf@yb=\dimen167
\pgf@xc=\dimen168
\pgf@yc=\dimen169
\pgf@xd=\dimen170
\pgf@yd=\dimen171
\w@pgf@writea=\write3
\r@pgf@reada=\read2
\c@pgf@counta=\count195
\c@pgf@countb=\count196
\c@pgf@countc=\count197
\c@pgf@countd=\count198
\t@pgf@toka=\toks21
\t@pgf@tokb=\toks22
\t@pgf@tokc=\toks23
\pgf@sys@id@count=\count199
("C:\Program Files\MiKTeX\tex/generic/pgf/systemlayer\pgf.cfg"
File: pgf.cfg 2020/01/08 v3.1.5b (3.1.5b)
)
Driver file for pgf: pgfsys-dvips.def

("C:\Program Files\MiKTeX\tex/generic/pgf/systemlayer\pgfsys-dvips.def"
File: pgfsys-dvips.def 2020/01/08 v3.1.5b (3.1.5b)

("C:\Program Files\MiKTeX\tex/generic/pgf/systemlayer\pgfsys-common-postscript.
def"
File: pgfsys-common-postscript.def 2020/01/08 v3.1.5b (3.1.5b)
\pgf@objectcount=\count266
)))
("C:\Program Files\MiKTeX\tex/generic/pgf/systemlayer\pgfsyssoftpath.code.tex"
File: pgfsyssoftpath.code.tex 2020/01/08 v3.1.5b (3.1.5b)
\pgfsyssoftpath@smallbuffer@items=\count267
\pgfsyssoftpath@bigbuffer@items=\count268
) ("C:\Program Files\MiKTeX\tex/generic/pgf/systemlayer\pgfsysprotocol.code.tex
"
File: pgfsysprotocol.code.tex 2020/01/08 v3.1.5b (3.1.5b)
)) ("C:\Program Files\MiKTeX\tex/latex/xcolor\xcolor.sty"
Package: xcolor 2016/05/11 v2.12 LaTeX color extensions (UK)

("C:\Program Files\MiKTeX\tex/latex/graphics-cfg\color.cfg"
File: color.cfg 2016/01/02 v1.6 sample color configuration
)
Package xcolor Info: Driver file: dvips.def on input line 225.
Package xcolor Info: Model `cmy' substituted by `cmy0' on input line 1348.
Package xcolor Info: Model `RGB' extended on input line 1364.
Package xcolor Info: Model `HTML' substituted by `rgb' on input line 1366.
Package xcolor Info: Model `Hsb' substituted by `hsb' on input line 1367.
Package xcolor Info: Model `tHsb' substituted by `hsb' on input line 1368.
Package xcolor Info: Model `HSB' substituted by `hsb' on input line 1369.
Package xcolor Info: Model `Gray' substituted by `gray' on input line 1370.
Package xcolor Info: Model `wave' substituted by `hsb' on input line 1371.
)
("C:\Program Files\MiKTeX\tex/generic/pgf/basiclayer\pgfcore.code.tex"
Package: pgfcore 2020/01/08 v3.1.5b (3.1.5b)

("C:\Program Files\MiKTeX\tex/generic/pgf/math\pgfmath.code.tex"
("C:\Program Files\MiKTeX\tex/generic/pgf/math\pgfmathcalc.code.tex"
("C:\Program Files\MiKTeX\tex/generic/pgf/math\pgfmathutil.code.tex")
("C:\Program Files\MiKTeX\tex/generic/pgf/math\pgfmathparser.code.tex"
\pgfmath@dimen=\dimen172
\pgfmath@count=\count269
\pgfmath@box=\box55
\pgfmath@toks=\toks24
\pgfmath@stack@operand=\toks25
\pgfmath@stack@operation=\toks26
)
("C:\Program Files\MiKTeX\tex/generic/pgf/math\pgfmathfunctions.code.tex"
("C:\Program Files\MiKTeX\tex/generic/pgf/math\pgfmathfunctions.basic.code.tex"
)
("C:\Program Files\MiKTeX\tex/generic/pgf/math\pgfmathfunctions.trigonometric.c
ode.tex")
("C:\Program Files\MiKTeX\tex/generic/pgf/math\pgfmathfunctions.random.code.tex
")
("C:\Program Files\MiKTeX\tex/generic/pgf/math\pgfmathfunctions.comparison.code
.tex")
("C:\Program Files\MiKTeX\tex/generic/pgf/math\pgfmathfunctions.base.code.tex")
("C:\Program Files\MiKTeX\tex/generic/pgf/math\pgfmathfunctions.round.code.tex"
) ("C:\Program Files\MiKTeX\tex/generic/pgf/math\pgfmathfunctions.misc.code.tex
")
("C:\Program Files\MiKTeX\tex/generic/pgf/math\pgfmathfunctions.integerarithmet
ics.code.tex")))
("C:\Program Files\MiKTeX\tex/generic/pgf/math\pgfmathfloat.code.tex"
\c@pgfmathroundto@lastzeros=\count270
))
("C:\Program Files\MiKTeX\tex/generic/pgf/math\pgfint.code.tex")
("C:\Program Files\MiKTeX\tex/generic/pgf/basiclayer\pgfcorepoints.code.tex"
File: pgfcorepoints.code.tex 2020/01/08 v3.1.5b (3.1.5b)
\pgf@picminx=\dimen173
\pgf@picmaxx=\dimen174
\pgf@picminy=\dimen175
\pgf@picmaxy=\dimen176
\pgf@pathminx=\dimen177
\pgf@pathmaxx=\dimen178
\pgf@pathminy=\dimen179
\pgf@pathmaxy=\dimen180
\pgf@xx=\dimen181
\pgf@xy=\dimen182
\pgf@yx=\dimen183
\pgf@yy=\dimen184
\pgf@zx=\dimen185
\pgf@zy=\dimen186
)
("C:\Program Files\MiKTeX\tex/generic/pgf/basiclayer\pgfcorepathconstruct.code.
tex"
File: pgfcorepathconstruct.code.tex 2020/01/08 v3.1.5b (3.1.5b)
\pgf@path@lastx=\dimen187
\pgf@path@lasty=\dimen188
)
("C:\Program Files\MiKTeX\tex/generic/pgf/basiclayer\pgfcorepathusage.code.tex"
File: pgfcorepathusage.code.tex 2020/01/08 v3.1.5b (3.1.5b)
\pgf@shorten@end@additional=\dimen189
\pgf@shorten@start@additional=\dimen190
) ("C:\Program Files\MiKTeX\tex/generic/pgf/basiclayer\pgfcorescopes.code.tex"
File: pgfcorescopes.code.tex 2020/01/08 v3.1.5b (3.1.5b)
\pgfpic=\box56
\pgf@hbox=\box57
\pgf@layerbox@main=\box58
\pgf@picture@serial@count=\count271
)
("C:\Program Files\MiKTeX\tex/generic/pgf/basiclayer\pgfcoregraphicstate.code.t
ex"
File: pgfcoregraphicstate.code.tex 2020/01/08 v3.1.5b (3.1.5b)
\pgflinewidth=\dimen191
)
("C:\Program Files\MiKTeX\tex/generic/pgf/basiclayer\pgfcoretransformations.cod
e.tex"
File: pgfcoretransformations.code.tex 2020/01/08 v3.1.5b (3.1.5b)
\pgf@pt@x=\dimen192
\pgf@pt@y=\dimen193
\pgf@pt@temp=\dimen194
)
("C:\Program Files\MiKTeX\tex/generic/pgf/basiclayer\pgfcorequick.code.tex"
File: pgfcorequick.code.tex 2020/01/08 v3.1.5b (3.1.5b)
)
("C:\Program Files\MiKTeX\tex/generic/pgf/basiclayer\pgfcoreobjects.code.tex"
File: pgfcoreobjects.code.tex 2020/01/08 v3.1.5b (3.1.5b)
)
("C:\Program Files\MiKTeX\tex/generic/pgf/basiclayer\pgfcorepathprocessing.code
.tex"
File: pgfcorepathprocessing.code.tex 2020/01/08 v3.1.5b (3.1.5b)
)
("C:\Program Files\MiKTeX\tex/generic/pgf/basiclayer\pgfcorearrows.code.tex"
File: pgfcorearrows.code.tex 2020/01/08 v3.1.5b (3.1.5b)
\pgfarrowsep=\dimen195
)
("C:\Program Files\MiKTeX\tex/generic/pgf/basiclayer\pgfcoreshade.code.tex"
File: pgfcoreshade.code.tex 2020/01/08 v3.1.5b (3.1.5b)
\pgf@max=\dimen196
\pgf@sys@shading@range@num=\count272
\pgf@shadingcount=\count273
)
("C:\Program Files\MiKTeX\tex/generic/pgf/basiclayer\pgfcoreimage.code.tex"
File: pgfcoreimage.code.tex 2020/01/08 v3.1.5b (3.1.5b)

("C:\Program Files\MiKTeX\tex/generic/pgf/basiclayer\pgfcoreexternal.code.tex"
File: pgfcoreexternal.code.tex 2020/01/08 v3.1.5b (3.1.5b)
\pgfexternal@startupbox=\box59
)) ("C:\Program Files\MiKTeX\tex/generic/pgf/basiclayer\pgfcorelayers.code.tex"
File: pgfcorelayers.code.tex 2020/01/08 v3.1.5b (3.1.5b)
)
("C:\Program Files\MiKTeX\tex/generic/pgf/basiclayer\pgfcoretransparency.code.t
ex"
File: pgfcoretransparency.code.tex 2020/01/08 v3.1.5b (3.1.5b)
)
("C:\Program Files\MiKTeX\tex/generic/pgf/basiclayer\pgfcorepatterns.code.tex"
File: pgfcorepatterns.code.tex 2020/01/08 v3.1.5b (3.1.5b)
) ("C:\Program Files\MiKTeX\tex/generic/pgf/basiclayer\pgfcorerdf.code.tex"
File: pgfcorerdf.code.tex 2020/01/08 v3.1.5b (3.1.5b)
)))
("C:\Program Files\MiKTeX\tex/latex/pgf/utilities\xxcolor.sty"
Package: xxcolor 2003/10/24 ver 0.1
\XC@nummixins=\count274
\XC@countmixins=\count275
)
("C:\Users\Jerome Dugast\AppData\Roaming\MiKTeX\tex/generic/atbegshi\atbegshi.s
ty"
Package: atbegshi 2019/12/05 v1.19 At begin shipout hook (HO)

("C:\Users\Jerome Dugast\AppData\Roaming\MiKTeX\tex/generic/infwarerr\infwarerr
.sty"
Package: infwarerr 2019/12/03 v1.5 Providing info/warning/error messages (HO)
)
("C:\Users\Jerome Dugast\AppData\Roaming\MiKTeX\tex/generic/ltxcmds\ltxcmds.sty
"
Package: ltxcmds 2019/12/15 v1.24 LaTeX kernel commands for general use (HO)
)) ("C:\Program Files\MiKTeX\tex/latex/hyperref\hyperref.sty"
Package: hyperref 2020-05-15 v7.00e Hypertext links for LaTeX

("C:\Program Files\MiKTeX\tex/generic/pdftexcmds\pdftexcmds.sty"
Package: pdftexcmds 2020-06-27 v0.33 Utility functions of pdfTeX for LuaTeX (HO
)
Package pdftexcmds Info: \pdf@primitive is available.
Package pdftexcmds Info: \pdf@ifprimitive is available.
Package pdftexcmds Info: \pdfdraftmode is ignored in DVI mode.
)
("C:\Users\Jerome Dugast\AppData\Roaming\MiKTeX\tex/generic/kvsetkeys\kvsetkeys
.sty"
Package: kvsetkeys 2019/12/15 v1.18 Key value parser (HO)
)
("C:\Users\Jerome Dugast\AppData\Roaming\MiKTeX\tex/generic/kvdefinekeys\kvdefi
nekeys.sty"
Package: kvdefinekeys 2019-12-19 v1.6 Define keys (HO)
)
("C:\Users\Jerome Dugast\AppData\Roaming\MiKTeX\tex/generic/pdfescape\pdfescape
.sty"
Package: pdfescape 2019/12/09 v1.15 Implements pdfTeX's escape features (HO)
)
("C:\Users\Jerome Dugast\AppData\Roaming\MiKTeX\tex/latex/hycolor\hycolor.sty"
Package: hycolor 2020-01-27 v1.10 Color options for hyperref/bookmark (HO)
)
("C:\Users\Jerome Dugast\AppData\Roaming\MiKTeX\tex/latex/letltxmacro\letltxmac
ro.sty"
Package: letltxmacro 2019/12/03 v1.6 Let assignment for LaTeX macros (HO)
)
("C:\Users\Jerome Dugast\AppData\Roaming\MiKTeX\tex/latex/auxhook\auxhook.sty"
Package: auxhook 2019-12-17 v1.6 Hooks for auxiliary files (HO)
)
("C:\Users\Jerome Dugast\AppData\Roaming\MiKTeX\tex/latex/kvoptions\kvoptions.s
ty"
Package: kvoptions 2019/11/29 v3.13 Key value format for package options (HO)
)
\@linkdim=\dimen197
\Hy@linkcounter=\count276
\Hy@pagecounter=\count277
 ("C:\Program Files\MiKTeX\tex/latex/hyperref\pd1enc.def"
File: pd1enc.def 2020-05-15 v7.00e Hyperref: PDFDocEncoding definition (HO)
Now handling font encoding PD1 ...
... no UTF-8 mapping file for font encoding PD1
)
("C:\Users\Jerome Dugast\AppData\Roaming\MiKTeX\tex/generic/intcalc\intcalc.sty
"
Package: intcalc 2019/12/15 v1.3 Expandable calculations with integers (HO)
)
("C:\Users\Jerome Dugast\AppData\Roaming\MiKTeX\tex/generic/etexcmds\etexcmds.s
ty"
Package: etexcmds 2019/12/15 v1.7 Avoid name clashes with e-TeX commands (HO)
)
\Hy@SavedSpaceFactor=\count278
Package hyperref Info: Option `bookmarks' set `true' on input line 4338.
Package hyperref Info: Option `bookmarksopen' set `true' on input line 4338.
Package hyperref Info: Option `implicit' set `false' on input line 4338.
Package hyperref Info: Hyper figures OFF on input line 4464.
Package hyperref Info: Link nesting OFF on input line 4469.
Package hyperref Info: Hyper index ON on input line 4472.
Package hyperref Info: Plain pages OFF on input line 4479.
Package hyperref Info: Backreferencing OFF on input line 4484.
Package hyperref Info: Implicit mode OFF; no redefinition of LaTeX internals.
Package hyperref Info: Bookmarks ON on input line 4717.
\c@Hy@tempcnt=\count279
 ("C:\Program Files\MiKTeX\tex/latex/url\url.sty"
\Urlmuskip=\muskip16
Package: url 2013/09/16  ver 3.4  Verb mode for urls, etc.
)
LaTeX Info: Redefining \url on input line 5076.
\XeTeXLinkMargin=\dimen198

("C:\Users\Jerome Dugast\AppData\Roaming\MiKTeX\tex/generic/bitset\bitset.sty"
Package: bitset 2019/12/09 v1.3 Handle bit-vector datatype (HO)

("C:\Users\Jerome Dugast\AppData\Roaming\MiKTeX\tex/generic/bigintcalc\bigintca
lc.sty"
Package: bigintcalc 2019/12/15 v1.5 Expandable calculations on big integers (HO
)
))
\Fld@menulength=\count280
\Field@Width=\dimen199
\Fld@charsize=\dimen256
Package hyperref Info: Hyper figures OFF on input line 6347.
Package hyperref Info: Link nesting OFF on input line 6352.
Package hyperref Info: Hyper index ON on input line 6355.
Package hyperref Info: backreferencing OFF on input line 6362.
Package hyperref Info: Link coloring OFF on input line 6367.
Package hyperref Info: Link coloring with OCG OFF on input line 6372.
Package hyperref Info: PDF/A mode OFF on input line 6377.
LaTeX Info: Redefining \ref on input line 6417.
LaTeX Info: Redefining \pageref on input line 6421.
\Hy@abspage=\count281


Package hyperref Message: Stopped early.

)
Package hyperref Info: Driver (default): hdvips.
 ("C:\Program Files\MiKTeX\tex/latex/hyperref\hdvips.def"
File: hdvips.def 2020-05-15 v7.00e Hyperref driver for dvips

("C:\Program Files\MiKTeX\tex/latex/hyperref\pdfmark.def"
File: pdfmark.def 2020-05-15 v7.00e Hyperref definitions for pdfmark specials
\pdf@docset=\toks27
\pdf@box=\box60
\pdf@toks=\toks28
\pdf@defaulttoks=\toks29
\HyField@AnnotCount=\count282
\Fld@listcount=\count283
\c@bookmark@seq@number=\count284

("C:\Users\Jerome Dugast\AppData\Roaming\MiKTeX\tex/latex/rerunfilecheck\rerunf
ilecheck.sty"
Package: rerunfilecheck 2019/12/05 v1.9 Rerun checks for auxiliary files (HO)

("C:\Users\Jerome Dugast\AppData\Roaming\MiKTeX\tex/latex/atveryend\atveryend.s
ty"
Package: atveryend 2019-12-11 v1.11 Hooks at the very end of document (HO)
)
("C:\Users\Jerome Dugast\AppData\Roaming\MiKTeX\tex/generic/uniquecounter\uniqu
ecounter.sty"
Package: uniquecounter 2019/12/15 v1.4 Provide unlimited unique counter (HO)
)
Package uniquecounter Info: New unique counter `rerunfilecheck' on input line 2
86.
)))
("C:\Users\Jerome Dugast\AppData\Roaming\MiKTeX\tex/latex/beamer\beamerbaserequ
ires.sty"
("C:\Users\Jerome Dugast\AppData\Roaming\MiKTeX\tex/latex/beamer\beamerbasecomp
atibility.sty")
("C:\Users\Jerome Dugast\AppData\Roaming\MiKTeX\tex/latex/beamer\beamerbasefont
.sty" ("C:\Program Files\MiKTeX\tex/latex/amsfonts\amssymb.sty"
Package: amssymb 2013/01/14 v3.01 AMS font symbols

("C:\Program Files\MiKTeX\tex/latex/amsfonts\amsfonts.sty"
Package: amsfonts 2013/01/14 v3.01 Basic AMSFonts support
\@emptytoks=\toks30
\symAMSa=\mathgroup4
\symAMSb=\mathgroup5
LaTeX Font Info:    Redeclaring math symbol \hbar on input line 98.
LaTeX Font Info:    Overwriting math alphabet `\mathfrak' in version `bold'
(Font)                  U/euf/m/n --> U/euf/b/n on input line 106.
))
("C:\Users\Jerome Dugast\AppData\Roaming\MiKTeX\tex/latex/sansmathaccent\sansma
thaccent.sty"
Package: sansmathaccent 2020/01/31

("C:\Users\Jerome Dugast\AppData\Roaming\MiKTeX\tex/latex/koma-script\scrlfile.
sty"
Package: scrlfile 2020/07/22 v3.31 KOMA-Script package (loading files)
)))
("C:\Users\Jerome Dugast\AppData\Roaming\MiKTeX\tex/latex/beamer\beamerbasetran
slator.sty"
("C:\Users\Jerome Dugast\AppData\Roaming\MiKTeX\tex/latex/translator\translator
.sty"
Package: translator 2020-08-03 v1.12c Easy translation of strings in LaTeX
))
("C:\Users\Jerome Dugast\AppData\Roaming\MiKTeX\tex/latex/beamer\beamerbasemisc
.sty")
("C:\Users\Jerome Dugast\AppData\Roaming\MiKTeX\tex/latex/beamer\beamerbasetwos
creens.sty")
("C:\Users\Jerome Dugast\AppData\Roaming\MiKTeX\tex/latex/beamer\beamerbaseover
lay.sty"
\beamer@argscount=\count285
\beamer@lastskipcover=\skip50
\beamer@trivlistdepth=\count286
)
("C:\Users\Jerome Dugast\AppData\Roaming\MiKTeX\tex/latex/beamer\beamerbasetitl
e.sty")
("C:\Users\Jerome Dugast\AppData\Roaming\MiKTeX\tex/latex/beamer\beamerbasesect
ion.sty"
\c@lecture=\count287
\c@part=\count288
\c@section=\count289
\c@subsection=\count290
\c@subsubsection=\count291
)
("C:\Users\Jerome Dugast\AppData\Roaming\MiKTeX\tex/latex/beamer\beamerbasefram
e.sty"
\beamer@framebox=\box61
\beamer@frametitlebox=\box62
\beamer@zoombox=\box63
\beamer@zoomcount=\count292
\beamer@zoomframecount=\count293
\beamer@frametextheight=\dimen257
\c@subsectionslide=\count294
\beamer@frametopskip=\skip51
\beamer@framebottomskip=\skip52
\beamer@frametopskipautobreak=\skip53
\beamer@framebottomskipautobreak=\skip54
\beamer@envbody=\toks31
\framewidth=\dimen258
\c@framenumber=\count295
)
("C:\Users\Jerome Dugast\AppData\Roaming\MiKTeX\tex/latex/beamer\beamerbaseverb
atim.sty"
\beamer@verbatimfileout=\write4
)
("C:\Users\Jerome Dugast\AppData\Roaming\MiKTeX\tex/latex/beamer\beamerbasefram
esize.sty"
\beamer@splitbox=\box64
\beamer@autobreakcount=\count296
\beamer@autobreaklastheight=\dimen259
\beamer@frametitletoks=\toks32
\beamer@framesubtitletoks=\toks33
)
("C:\Users\Jerome Dugast\AppData\Roaming\MiKTeX\tex/latex/beamer\beamerbasefram
ecomponents.sty"
\beamer@footins=\box65
)
("C:\Users\Jerome Dugast\AppData\Roaming\MiKTeX\tex/latex/beamer\beamerbasecolo
r.sty")
("C:\Users\Jerome Dugast\AppData\Roaming\MiKTeX\tex/latex/beamer\beamerbasenote
s.sty"
\beamer@frameboxcopy=\box66
)
("C:\Users\Jerome Dugast\AppData\Roaming\MiKTeX\tex/latex/beamer\beamerbasetoc.
sty")
("C:\Users\Jerome Dugast\AppData\Roaming\MiKTeX\tex/latex/beamer\beamerbasetemp
lates.sty"
\beamer@sbttoks=\toks34

("C:\Users\Jerome Dugast\AppData\Roaming\MiKTeX\tex/latex/beamer\beamerbaseauxt
emplates.sty"
("C:\Users\Jerome Dugast\AppData\Roaming\MiKTeX\tex/latex/beamer\beamerbaseboxe
s.sty"
\bmb@box=\box67
\bmb@colorbox=\box68
\bmb@boxshadow=\box69
\bmb@boxshadowball=\box70
\bmb@boxshadowballlarge=\box71
\bmb@temp=\dimen260
\bmb@dima=\dimen261
\bmb@dimb=\dimen262
\bmb@prevheight=\dimen263
)
\beamer@blockheadheight=\dimen264
))
("C:\Users\Jerome Dugast\AppData\Roaming\MiKTeX\tex/latex/beamer\beamerbaseloca
lstructure.sty" ("C:\Program Files\MiKTeX\tex/latex/tools\enumerate.sty"
Package: enumerate 2015/07/23 v3.00 enumerate extensions (DPC)
\@enLab=\toks35
)
\c@figure=\count297
\c@table=\count298
\abovecaptionskip=\skip55
\belowcaptionskip=\skip56
)
("C:\Users\Jerome Dugast\AppData\Roaming\MiKTeX\tex/latex/beamer\beamerbasenavi
gation.sty"
\beamer@section@min@dim=\dimen265
)
("C:\Users\Jerome Dugast\AppData\Roaming\MiKTeX\tex/latex/beamer\beamerbasetheo
rems.sty" ("C:\Program Files\MiKTeX\tex/latex/amsmath\amsmath.sty"
Package: amsmath 2020/01/20 v2.17e AMS math features
\@mathmargin=\skip57

For additional information on amsmath, use the `?' option.
("C:\Program Files\MiKTeX\tex/latex/amsmath\amstext.sty"
Package: amstext 2000/06/29 v2.01 AMS text

("C:\Program Files\MiKTeX\tex/latex/amsmath\amsgen.sty"
File: amsgen.sty 1999/11/30 v2.0 generic functions
\@emptytoks=\toks36
\ex@=\dimen266
))
("C:\Program Files\MiKTeX\tex/latex/amsmath\amsbsy.sty"
Package: amsbsy 1999/11/29 v1.2d Bold Symbols
\pmbraise@=\dimen267
)
("C:\Program Files\MiKTeX\tex/latex/amsmath\amsopn.sty"
Package: amsopn 2016/03/08 v2.02 operator names
)
\inf@bad=\count299
LaTeX Info: Redefining \frac on input line 227.
\uproot@=\count300
\leftroot@=\count301
LaTeX Info: Redefining \overline on input line 389.
\classnum@=\count302
\DOTSCASE@=\count303
LaTeX Info: Redefining \ldots on input line 486.
LaTeX Info: Redefining \dots on input line 489.
LaTeX Info: Redefining \cdots on input line 610.
\Mathstrutbox@=\box72
\strutbox@=\box73
\big@size=\dimen268
LaTeX Font Info:    Redeclaring font encoding OML on input line 733.
LaTeX Font Info:    Redeclaring font encoding OMS on input line 734.
\macc@depth=\count304
\c@MaxMatrixCols=\count305
\dotsspace@=\muskip17
\c@parentequation=\count306
\dspbrk@lvl=\count307
\tag@help=\toks37
\row@=\count308
\column@=\count309
\maxfields@=\count310
\andhelp@=\toks38
\eqnshift@=\dimen269
\alignsep@=\dimen270
\tagshift@=\dimen271
\tagwidth@=\dimen272
\totwidth@=\dimen273
\lineht@=\dimen274
\@envbody=\toks39
\multlinegap=\skip58
\multlinetaggap=\skip59
\mathdisplay@stack=\toks40
LaTeX Info: Redefining \[ on input line 2859.
LaTeX Info: Redefining \] on input line 2860.
)
("C:\Users\Jerome Dugast\AppData\Roaming\MiKTeX\tex/latex/amscls\amsthm.sty"
Package: amsthm 2020/05/29 v2.20.6
\thm@style=\toks41
\thm@bodyfont=\toks42
\thm@headfont=\toks43
\thm@notefont=\toks44
\thm@headpunct=\toks45
\thm@preskip=\skip60
\thm@postskip=\skip61
\thm@headsep=\skip62
\dth@everypar=\toks46
)
\c@theorem=\count311
)
("C:\Users\Jerome Dugast\AppData\Roaming\MiKTeX\tex/latex/beamer\beamerbasethem
es.sty"))
("C:\Users\Jerome Dugast\AppData\Roaming\MiKTeX\tex/latex/beamer\beamerthemedef
ault.sty"
("C:\Users\Jerome Dugast\AppData\Roaming\MiKTeX\tex/latex/beamer\beamerfontthem
edefault.sty")
("C:\Users\Jerome Dugast\AppData\Roaming\MiKTeX\tex/latex/beamer\beamercolorthe
medefault.sty")
("C:\Users\Jerome Dugast\AppData\Roaming\MiKTeX\tex/latex/beamer\beamerinnerthe
medefault.sty"
\beamer@dima=\dimen275
\beamer@dimb=\dimen276
)
("C:\Users\Jerome Dugast\AppData\Roaming\MiKTeX\tex/latex/beamer\beamerouterthe
medefault.sty"))) ("C:\Program Files\MiKTeX\tex/generic/babel\babel.sty"
Package: babel 2020/06/10 3.45 The Babel package

("C:\Program Files\MiKTeX\tex/generic/babel\babel.def"
File: babel.def 2020/06/10 3.45 Babel common definitions
\babel@savecnt=\count312
\U@D=\dimen277
\l@babelnohyphens=\language79

("C:\Program Files\MiKTeX\tex/generic/babel\txtbabel.def")
\bbl@readstream=\read3
)
LaTeX Info: Redefining \textlatin on input line 674.
\bbl@dirlevel=\count313

*************************************
* Local config file bblopts.cfg used
*
("C:\Program Files\MiKTeX\tex/latex/arabi\bblopts.cfg"
File: bblopts.cfg 2005/09/08 v0.1 add Arabic and Farsi to "declared" options of
 babel
)
("C:\Users\Jerome Dugast\AppData\Roaming\MiKTeX\tex/generic/babel-french\french
.ldf"
Language: french 2020/07/02 v3.5j French support from the babel system
Package babel Info: \l@acadian = using hyphenrules for french
(babel)             (\language22) on input line 91.
Package babel Info: \l@canadien = using hyphenrules for french
(babel)             (\language22) on input line 92.
\FB@nonchar=\count314
Package babel Info: Making : an active character on input line 428.
Package babel Info: Making ; an active character on input line 429.
Package babel Info: Making ! an active character on input line 430.
Package babel Info: Making ? an active character on input line 431.
\FBguill@level=\count315
\FBold@everypar=\toks47
\FB@Mht=\dimen278
\mc@charclass=\count316
\mc@charfam=\count317
\mc@charslot=\count318
\std@mcc=\count319
\dec@mcc=\count320
\c@FBcaption@count=\count321
\listindentFB=\dimen279
\descindentFB=\dimen280
\labelindentFB=\dimen281
\labelwidthFB=\dimen282
\leftmarginFB=\dimen283
\parindentFFN=\dimen284
\FBfnindent=\dimen285
))
("C:\Users\Jerome Dugast\AppData\Roaming\MiKTeX\tex/latex/carlisle\scalefnt.sty
")
Package french.ldf Info: No list customisation for the beamer class,
(french.ldf)             reported on input line 8.
 ("C:\Program Files\MiKTeX\tex/latex/base\inputenc.sty"
Package: inputenc 2018/08/11 v1.3c Input encoding file
\inpenc@prehook=\toks48
\inpenc@posthook=\toks49

("C:\Program Files\MiKTeX\tex/latex/base\latin1.def"
File: latin1.def 2018/08/11 v1.3c Input encoding file
))
("C:\Program Files\MiKTeX\tex/latex/tools\array.sty"
Package: array 2019/08/31 v2.4l Tabular extension package (FMi)
\col@sep=\dimen286
\ar@mcellbox=\box74
\extrarowheight=\dimen287
\NC@list=\toks50
\extratabsurround=\skip63
\backup@length=\skip64
\ar@cellbox=\box75
)
("C:\Users\Jerome Dugast\AppData\Roaming\MiKTeX\tex/latex/pstricks\pstricks.sty
"
Package: pstricks 2020/06/11 v0.70 LaTeX wrapper for `PSTricks' (RN,HV)
 ("C:\Program Files\MiKTeX\tex/generic/xkeyval\pst-xkey.tex"
File: pst-xkey.tex 2005/11/25 v1.6 PSTricks specialization of xkeyval (HA)

("C:\Program Files\MiKTeX\tex/latex/xkeyval\xkeyval.sty"
Package: xkeyval 2014/12/03 v2.7a package option processing (HA)

("C:\Program Files\MiKTeX\tex/generic/xkeyval\xkeyval.tex"
("C:\Program Files\MiKTeX\tex/generic/xkeyval\xkvutils.tex"
\XKV@toks=\toks51
\XKV@tempa@toks=\toks52
)
\XKV@depth=\count322
File: xkeyval.tex 2014/12/03 v2.7a key=value parser (HA)
)))
("C:\Users\Jerome Dugast\AppData\Roaming\MiKTeX\tex/generic/pstricks\pstricks.t
ex"
("C:\Users\Jerome Dugast\AppData\Roaming\MiKTeX\tex/generic/pstricks\pst-fp.tex
" `pst-fp' v0.05, 2010/01/17 (hv)
\pstFP@xs=\count323
\pstFP@xia=\count324
\pstFP@xib=\count325
\pstFP@xfa=\count326
\pstFP@xfb=\count327
\pstFP@rega=\count328
\pstFP@regb=\count329
\pstFP@regs=\count330
\pstFP@times=\count331
)
\psLoopIndex=\count332

`PSTricks' v2.97  <2019/05/11> (tvz,hv)
\pst@dima=\dimen288
\pst@dimb=\dimen289
\pst@dimc=\dimen290
\pst@dimd=\dimen291
\pst@dimg=\dimen292
\pst@dimh=\dimen293
\pst@dimm=\dimen294
\pst@dimn=\dimen295
\pst@dimo=\dimen296
\pst@dimp=\dimen297
\pst@hbox=\box76
\pst@ibox=\box77
\pst@boxg=\box78
\pst@cnta=\count333
\pst@cntb=\count334
\pst@cntc=\count335
\pst@cntd=\count336
\pst@cntg=\count337
\pst@cnth=\count338
\pst@cntm=\count339
\pst@cntn=\count340
\pst@cnto=\count341
\pst@cntp=\count342
\@zero=\count343
\pst@toks=\toks53

("C:\Users\Jerome Dugast\AppData\Roaming\MiKTeX\tex/generic/pstricks\pstricks.c
on")
\psunit=\dimen298
\psxunit=\dimen299
\psyunit=\dimen300
\pst@C@@rType=\count344
\pslinewidth=\dimen301
\psk@startLW=\dimen302
\psk@endLW=\dimen303
\pst@customdefs=\toks54
\pslinearc=\dimen304
\pst@symbolStep=\dimen305
\pst@symbolWidth=\dimen306
\pst@symbolLinewidth=\dimen307
\everypsbox=\toks55
\psframesep=\dimen308
\pslabelsep=\dimen309
\sh@wgridXunit=\dimen310
\sh@wgridYunit=\dimen311
\pst@shift=\dimen312
)
File: pstricks.tex 2019/05/11 v2.97 `PSTricks' (tvz,hv)

("C:\Users\Jerome Dugast\AppData\Roaming\MiKTeX\tex/generic/pstricks\pst-fp.tex
")
File: pst-fp.tex 2019/05/11 v2.97 `PST-fp' (hv)
) ("C:\Program Files\MiKTeX\tex/latex/graphics\epsfig.sty"
Package: epsfig 2017/06/25 v1.7b (e)psfig emulation (SPQR)
\epsfxsize=\dimen313
\epsfysize=\dimen314
)
("C:\Users\Jerome Dugast\AppData\Roaming\MiKTeX\tex/latex/pst-plot\pst-plot.sty
"
Package: pst-plot 2011/06/05 v1.00 LaTeX wrapper for `pst-plot' (HV)
 ("C:\Program Files\MiKTeX\tex/latex/xkeyval\pst-xkey.sty"
Package: pst-xkey 2005/11/25 v1.6 package wrapper for pst-xkey.tex (HA)
)
("C:\Users\Jerome Dugast\AppData\Roaming\MiKTeX\tex/latex/multido\multido.sty"
Package: multido 2004/05/17 package wrapper for PSTricks `multido.tex', (HV/RN)


("C:\Users\Jerome Dugast\AppData\Roaming\MiKTeX\tex/generic/multido\multido.tex
"  v1.42, 2010/05/14 <tvz>
\multido@count=\count345
\multidocount=\count346
\multido@stuff=\toks56
)
File: multido.tex 2010/05/14 v1.42 `multido' (tvz,hv)
)
Package: pst-plot 2011/04/13 package wrapper for pst-plot.tex (hv)

("C:\Users\Jerome Dugast\AppData\Roaming\MiKTeX\tex/generic/pst-plot\pst-plot.t
ex"
("C:\Users\Jerome Dugast\AppData\Roaming\MiKTeX\tex/generic/pst-tools\pst-tools
.tex" `PST-tools' v0.10, 2020/03/24 (hv)
\randomi=\count347
\ranval=\count348
)
("C:\Users\Jerome Dugast\AppData\Roaming\MiKTeX\tex/generic/pstricks-add\pstric
ks-add.tex"
("C:\Users\Jerome Dugast\AppData\Roaming\MiKTeX\tex/generic/pst-node\pst-node.t
ex"  v1.42a, 2020/04/01
\psrow=\count349
\pscol=\count350
\psmatrixcnt=\count351
\psrowsep=\skip65
\pscolsep=\skip66
\pst@args=\count352
\num@pts=\count353
\pst@argcnt=\count354
)
("C:\Users\Jerome Dugast\AppData\Roaming\MiKTeX\tex/generic/pst-arrow\pst-arrow
.tex" `pst-arrow' v0.01, 2016/09/01 (dr,hv)
\pshooklength=\dimen315
\pshookwidth=\dimen316
)
("C:\Users\Jerome Dugast\AppData\Roaming\MiKTeX\tex/generic/pst-3d\pst-3d.tex"
`PST-3d' v1.11, 2010/02/14 (tvz))
("C:\Users\Jerome Dugast\AppData\Roaming\MiKTeX\tex/generic/pst-math\pst-math.t
ex" `pst-math' v0.64 , (CJ,hv)) `pstricks-add' v3.89a, 2020/02/12 (dr,hv)
\psparallelogramsep=\dimen317
\pst@cntC=\count355
\pst@stepcount=\count356
\chart@ColorIndex=\dimen318
\chart@ColorStep=\dimen319
\pst@chartHeight=\dimen320
\pst@chartStackDepth=\dimen321
\pst@chartStackWidth=\dimen322
\chart@Toggle=\count357
\psVectorCtr=\count358
)
 v1.92, 2019/05/16 (tvz,hv)
\pstRadUnit=\dimen323
\pstRadUnitInv=\dimen324
\pst@linecnt=\count359
\RCD@file=\read4
\psxlabelsep=\dimen325
\psylabelsep=\dimen326
\psk@subticksize=\dimen327
\pst@xticksizeA=\dimen328
\pst@xticksizeB=\dimen329
\pst@xticksizeC=\dimen330
\pst@yticksizeA=\dimen331
\pst@yticksizeB=\dimen332
\pst@yticksizeC=\dimen333
\@digitcounter=\count360
\psk@llx=\dimen334
\psk@lly=\dimen335
\psk@urx=\dimen336
\psk@ury=\dimen337
\pst@xunit=\dimen338
\pst@yunit=\dimen339
)
File: pst-plot.tex 2019/05/16 1.92 `pst-plot' (tvz,hv)
)
("C:\Program Files\MiKTeX\tex/latex/l3backend\l3backend-dvips.def"
File: l3backend-dvips.def 2020-06-29 L3 backend support: dvips
\l__pdf_internal_box=\box79
\g__pdf_backend_object_int=\count361
\l__pdf_backend_content_box=\box80
\l__pdf_backend_model_box=\box81
\g__pdf_backend_annotation_int=\count362
\g__pdf_backend_link_int=\count363
\g__pdf_backend_link_sf_int=\count364
)
(EdgeworthBox_4.aux)
\openout1 = `EdgeworthBox_4.aux'.

LaTeX Font Info:    Checking defaults for OML/cmm/m/it on input line 31.
LaTeX Font Info:    ... okay on input line 31.
LaTeX Font Info:    Checking defaults for OMS/cmsy/m/n on input line 31.
LaTeX Font Info:    ... okay on input line 31.
LaTeX Font Info:    Checking defaults for OT1/cmr/m/n on input line 31.
LaTeX Font Info:    ... okay on input line 31.
LaTeX Font Info:    Checking defaults for T1/cmr/m/n on input line 31.
LaTeX Font Info:    ... okay on input line 31.
LaTeX Font Info:    Checking defaults for TS1/cmr/m/n on input line 31.
LaTeX Font Info:    ... okay on input line 31.
LaTeX Font Info:    Checking defaults for OMX/cmex/m/n on input line 31.
LaTeX Font Info:    ... okay on input line 31.
LaTeX Font Info:    Checking defaults for U/cmr/m/n on input line 31.
LaTeX Font Info:    ... okay on input line 31.
LaTeX Font Info:    Checking defaults for PD1/pdf/m/n on input line 31.
LaTeX Font Info:    ... okay on input line 31.

*geometry* driver: auto-detecting
*geometry* detected driver: dvips
*geometry* verbose mode - [ preamble ] result:
* driver: dvips
* paper: custom
* layout: <same size as paper>
* layoutoffset:(h,v)=(0.0pt,0.0pt)
* modes: includehead includefoot 
* h-part:(L,W,R)=(28.45274pt, 307.28987pt, 28.45274pt)
* v-part:(T,H,B)=(0.0pt, 273.14662pt, 0.0pt)
* \paperwidth=364.19536pt
* \paperheight=273.14662pt
* \textwidth=307.28987pt
* \textheight=244.6939pt
* \oddsidemargin=-43.81725pt
* \evensidemargin=-43.81725pt
* \topmargin=-72.26999pt
* \headheight=14.22636pt
* \headsep=0.0pt
* \topskip=9.0pt
* \footskip=14.22636pt
* \marginparwidth=4.0pt
* \marginparsep=10.0pt
* \columnsep=10.0pt
* \skip\footins=8.0pt plus 4.0pt minus 2.0pt
* \hoffset=0.0pt
* \voffset=0.0pt
* \mag=1000
* \@twocolumnfalse
* \@twosidefalse
* \@mparswitchfalse
* \@reversemarginfalse
* (1in=72.27pt=25.4mm, 1cm=28.453pt)

ABD: EveryShipout initializing macros
\AtBeginShipoutBox=\box82
Package hyperref Info: Link coloring OFF on input line 31.

("C:\Program Files\MiKTeX\tex/latex/hyperref\nameref.sty"
Package: nameref 2019/09/16 v2.46 Cross-referencing by name of section

("C:\Users\Jerome Dugast\AppData\Roaming\MiKTeX\tex/latex/refcount\refcount.sty
"
Package: refcount 2019/12/15 v3.6 Data extraction from label references (HO)
)
("C:\Users\Jerome Dugast\AppData\Roaming\MiKTeX\tex/generic/gettitlestring\gett
itlestring.sty"
Package: gettitlestring 2019/12/15 v1.6 Cleanup title references (HO)
)
\c@section@level=\count365
)
LaTeX Info: Redefining \ref on input line 31.
LaTeX Info: Redefining \pageref on input line 31.
LaTeX Info: Redefining \nameref on input line 31.
 (EdgeworthBox_4.out) (EdgeworthBox_4.out)
\@outlinefile=\write5
\openout5 = `EdgeworthBox_4.out'.

LaTeX Font Info:    Overwriting symbol font `operators' in version `normal'
(Font)                  OT1/cmr/m/n --> OT1/cmss/m/n on input line 31.
LaTeX Font Info:    Overwriting symbol font `operators' in version `bold'
(Font)                  OT1/cmr/bx/n --> OT1/cmss/b/n on input line 31.
\symnumbers=\mathgroup6
\sympureletters=\mathgroup7
LaTeX Font Info:    Overwriting math alphabet `\mathrm' in version `normal'
(Font)                  OT1/cmss/m/n --> OT1/cmr/m/n on input line 31.
LaTeX Font Info:    Redeclaring math alphabet \mathbf on input line 31.
LaTeX Font Info:    Overwriting math alphabet `\mathbf' in version `normal'
(Font)                  OT1/cmr/bx/n --> OT1/cmss/b/n on input line 31.
LaTeX Font Info:    Overwriting math alphabet `\mathbf' in version `bold'
(Font)                  OT1/cmr/bx/n --> OT1/cmss/b/n on input line 31.
LaTeX Font Info:    Redeclaring math alphabet \mathsf on input line 31.
LaTeX Font Info:    Overwriting math alphabet `\mathsf' in version `normal'
(Font)                  OT1/cmss/m/n --> OT1/cmss/m/n on input line 31.
LaTeX Font Info:    Overwriting math alphabet `\mathsf' in version `bold'
(Font)                  OT1/cmss/bx/n --> OT1/cmss/m/n on input line 31.
LaTeX Font Info:    Redeclaring math alphabet \mathit on input line 31.
LaTeX Font Info:    Overwriting math alphabet `\mathit' in version `normal'
(Font)                  OT1/cmr/m/it --> OT1/cmss/m/it on input line 31.
LaTeX Font Info:    Overwriting math alphabet `\mathit' in version `bold'
(Font)                  OT1/cmr/bx/it --> OT1/cmss/m/it on input line 31.
LaTeX Font Info:    Redeclaring math alphabet \mathtt on input line 31.
LaTeX Font Info:    Overwriting math alphabet `\mathtt' in version `normal'
(Font)                  OT1/cmtt/m/n --> OT1/cmtt/m/n on input line 31.
LaTeX Font Info:    Overwriting math alphabet `\mathtt' in version `bold'
(Font)                  OT1/cmtt/m/n --> OT1/cmtt/m/n on input line 31.
LaTeX Font Info:    Overwriting symbol font `numbers' in version `bold'
(Font)                  OT1/cmss/m/n --> OT1/cmss/b/n on input line 31.
LaTeX Font Info:    Overwriting symbol font `pureletters' in version `bold'
(Font)                  OT1/cmss/m/it --> OT1/cmss/b/it on input line 31.
LaTeX Font Info:    Overwriting math alphabet `\mathrm' in version `bold'
(Font)                  OT1/cmss/b/n --> OT1/cmr/b/n on input line 31.
LaTeX Font Info:    Overwriting math alphabet `\mathbf' in version `bold'
(Font)                  OT1/cmss/b/n --> OT1/cmss/b/n on input line 31.
LaTeX Font Info:    Overwriting math alphabet `\mathsf' in version `bold'
(Font)                  OT1/cmss/m/n --> OT1/cmss/b/n on input line 31.
LaTeX Font Info:    Overwriting math alphabet `\mathit' in version `bold'
(Font)                  OT1/cmss/m/it --> OT1/cmss/b/it on input line 31.
LaTeX Font Info:    Overwriting math alphabet `\mathtt' in version `bold'
(Font)                  OT1/cmtt/m/n --> OT1/cmtt/b/n on input line 31.
LaTeX Font Info:    Redeclaring symbol font `pureletters' on input line 31.
LaTeX Font Info:    Overwriting symbol font `pureletters' in version `normal'
(Font)                  OT1/cmss/m/it --> OT1/mathkerncmss/m/sl on input line 3
1.
LaTeX Font Info:    Overwriting symbol font `pureletters' in version `bold'
(Font)                  OT1/cmss/b/it --> OT1/mathkerncmss/m/sl on input line 3
1.
LaTeX Font Info:    Overwriting symbol font `pureletters' in version `bold'
(Font)                  OT1/mathkerncmss/m/sl --> OT1/mathkerncmss/bx/sl on inp
ut line 31.

("C:\Users\Jerome Dugast\AppData\Roaming\MiKTeX\tex/latex/translator\translator
-basic-dictionary-English.dict"
Dictionary: translator-basic-dictionary, Language: English 
)
("C:\Users\Jerome Dugast\AppData\Roaming\MiKTeX\tex/latex/translator\translator
-bibliography-dictionary-English.dict"
Dictionary: translator-bibliography-dictionary, Language: English 
)
("C:\Users\Jerome Dugast\AppData\Roaming\MiKTeX\tex/latex/translator\translator
-environment-dictionary-English.dict"
Dictionary: translator-environment-dictionary, Language: English 
)
("C:\Users\Jerome Dugast\AppData\Roaming\MiKTeX\tex/latex/translator\translator
-months-dictionary-English.dict"
Dictionary: translator-months-dictionary, Language: English 
)
("C:\Users\Jerome Dugast\AppData\Roaming\MiKTeX\tex/latex/translator\translator
-numbers-dictionary-English.dict"
Dictionary: translator-numbers-dictionary, Language: English 
)
("C:\Users\Jerome Dugast\AppData\Roaming\MiKTeX\tex/latex/translator\translator
-theorem-dictionary-English.dict"
Dictionary: translator-theorem-dictionary, Language: English 
)
LaTeX Info: Redefining \degres on input line 31.
LaTeX Info: Redefining \dots on input line 31.
LaTeX Info: Redefining \up on input line 31.


Package french.ldf Warning: OT1 encoding should not be used for French.
(french.ldf)                Add \usepackage[T1]{fontenc} to the preamble
(french.ldf)                of your document; reported on input line 31.

(EdgeworthBox_4.nav)
LaTeX Font Info:    Trying to load font information for U+msa on input line 77.

 ("C:\Program Files\MiKTeX\tex/latex/amsfonts\umsa.fd"
File: umsa.fd 2013/01/14 v3.01 AMS symbols A
)
LaTeX Font Info:    Trying to load font information for U+msb on input line 77.


("C:\Program Files\MiKTeX\tex/latex/amsfonts\umsb.fd"
File: umsb.fd 2013/01/14 v3.01 AMS symbols B
)
LaTeX Font Info:    Trying to load font information for OT1+mathkerncmss on inp
ut line 77.

("C:\Users\Jerome Dugast\AppData\Roaming\MiKTeX\tex/latex/sansmathaccent\ot1mat
hkerncmss.fd"
File: ot1mathkerncmss.fd 2020/01/31 Fontinst v1.933 font definitions for OT1/ma
thkerncmss.
)
Overfull \hbox (5.6903pt too wide) in paragraph at lines 77--77
[][]  
 []

[1

]
\tf@nav=\write6
\openout6 = `EdgeworthBox_4.nav'.

\tf@toc=\write7
\openout7 = `EdgeworthBox_4.toc'.

\tf@snm=\write8
\openout8 = `EdgeworthBox_4.snm'.

Package atveryend Info: Empty hook `BeforeClearDocument' on input line 104.
Package atveryend Info: Empty hook `AfterLastShipout' on input line 104.
 (EdgeworthBox_4.aux)
Package atveryend Info: Empty hook `AtVeryEndDocument' on input line 104.
Package atveryend Info: Executing hook `AtEndAfterFileList' on input line 104.
Package rerunfilecheck Info: File `EdgeworthBox_4.out' has not changed.
(rerunfilecheck)             Checksum: D41D8CD98F00B204E9800998ECF8427E;0.
 ) 
Here is how much of TeX's memory you used:
 22439 strings out of 480791
 413814 string characters out of 2907055
 783634 words of memory out of 3000000
 37920 multiletter control sequences out of 15000+200000
 541637 words of font info for 57 fonts, out of 3000000 for 9000
 1141 hyphenation exceptions out of 8191
 58i,11n,70p,783b,426s stack positions out of 5000i,500n,10000p,200000b,50000s

Output written on EdgeworthBox_4.dvi (1 page, 25588 bytes).
